                              1 ;--------------------------------------------------------
                              2 ; File Created by SDCC : FreeWare ANSI-C Compiler
                              3 ; Version 2.6.0 #4309 (Oct 17 2006)
                              4 ; This file generated Thu Oct 19 04:12:00 2006
                              5 ;--------------------------------------------------------
                              6 	.module xxx
                              7 	.optsdcc -mz80
                              8 	
                              9 ;--------------------------------------------------------
                             10 ; Public variables in this module
                             11 ;--------------------------------------------------------
                             12 	.globl _do_nothing
                             13 ;--------------------------------------------------------
                             14 ; special function registers
                             15 ;--------------------------------------------------------
                             16 ;--------------------------------------------------------
                             17 ;  ram data
                             18 ;--------------------------------------------------------
                             19 	.area _DATA
                             20 ;--------------------------------------------------------
                             21 ; overlayable items in  ram 
                             22 ;--------------------------------------------------------
                             23 	.area _OVERLAY
                             24 ;--------------------------------------------------------
                             25 ; external initialized ram data
                             26 ;--------------------------------------------------------
                             27 ;--------------------------------------------------------
                             28 ; global & static initialisations
                             29 ;--------------------------------------------------------
                             30 	.area _HOME
                             31 	.area _GSINIT
                             32 	.area _GSFINAL
                             33 	.area _GSINIT
                             34 ;--------------------------------------------------------
                             35 ; Home
                             36 ;--------------------------------------------------------
                             37 	.area _HOME
                             38 	.area _CODE
                             39 ;--------------------------------------------------------
                             40 ; code
                             41 ;--------------------------------------------------------
                             42 	.area _CODE
                             43 ;xxx.c:14: do_nothing ()
                             44 ;	genLabel
                             45 ;	genFunction
                             46 ;	---------------------------------
                             47 ; Function do_nothing
                             48 ; ---------------------------------
   0000                      49 _do_nothing_start::
   0000                      50 _do_nothing:
                             51 ;xxx.c:16: return ENONE;
                             52 ;	genRet
                             53 ; Dump of IC_LEFT: type AOP_LIT size 2
   0000 21 00 00             54 	ld	hl,#0x0000
                             55 ;	genLabel
   0003                      56 00101$:
                             57 ;	genEndFunction
   0003 C9                   58 	ret
   0004                      59 _do_nothing_end::
                             60 	.area _CODE
